// Jest Snapshot v1, https://jestjs.io/docs/snapshot-testing

exports[`mangaLib chapter reader 1`] = `
[
  {
    "height": 546,
    "image": "8iI7kOIcxfxq0QOMhtEnxobUbwKvUAsf2ZAJ0m5+gLA=",
    "width": 1200,
  },
  {
    "height": 1548,
    "image": "QyttyEdlqi+3hqnN0kJ9/FdntV2OIV/WI9FyEs8PVGc=",
    "width": 1080,
  },
]
`;
