// Jest Snapshot v1, https://jestjs.io/docs/snapshot-testing

exports[`mangaLib title reader 1`] = `
[
  {
    "id": 1,
    "link": "https://mangalib.me/ru/6435--kaguya-sama-wa-kokurasetai-tensai-tachi-no-renai-zunousen/read/v1/c1",
    "title": undefined,
    "volumeId": 1,
  },
  {
    "id": 2,
    "link": "https://mangalib.me/ru/6435--kaguya-sama-wa-kokurasetai-tensai-tachi-no-renai-zunousen/read/v1/c2",
    "title": undefined,
    "volumeId": 1,
  },
  {
    "id": 3,
    "link": "https://mangalib.me/ru/6435--kaguya-sama-wa-kokurasetai-tensai-tachi-no-renai-zunousen/read/v1/c3",
    "title": undefined,
    "volumeId": 1,
  },
  {
    "id": 4,
    "link": "https://mangalib.me/ru/6435--kaguya-sama-wa-kokurasetai-tensai-tachi-no-renai-zunousen/read/v1/c4",
    "title": undefined,
    "volumeId": 1,
  },
  {
    "id": 5,
    "link": "https://mangalib.me/ru/6435--kaguya-sama-wa-kokurasetai-tensai-tachi-no-renai-zunousen/read/v1/c5",
    "title": undefined,
    "volumeId": 1,
  },
  {
    "id": 5.5,
    "link": "https://mangalib.me/ru/6435--kaguya-sama-wa-kokurasetai-tensai-tachi-no-renai-zunousen/read/v1/c5.5",
    "title": undefined,
    "volumeId": 1,
  },
  {
    "id": 6,
    "link": "https://mangalib.me/ru/6435--kaguya-sama-wa-kokurasetai-tensai-tachi-no-renai-zunousen/read/v1/c6",
    "title": undefined,
    "volumeId": 1,
  },
  {
    "id": 7,
    "link": "https://mangalib.me/ru/6435--kaguya-sama-wa-kokurasetai-tensai-tachi-no-renai-zunousen/read/v1/c7",
    "title": undefined,
    "volumeId": 1,
  },
  {
    "id": 8,
    "link": "https://mangalib.me/ru/6435--kaguya-sama-wa-kokurasetai-tensai-tachi-no-renai-zunousen/read/v1/c8",
    "title": undefined,
    "volumeId": 1,
  },
  {
    "id": 9,
    "link": "https://mangalib.me/ru/6435--kaguya-sama-wa-kokurasetai-tensai-tachi-no-renai-zunousen/read/v1/c9",
    "title": undefined,
    "volumeId": 1,
  },
  {
    "id": 10,
    "link": "https://mangalib.me/ru/6435--kaguya-sama-wa-kokurasetai-tensai-tachi-no-renai-zunousen/read/v2/c10",
    "title": undefined,
    "volumeId": 2,
  },
  {
    "id": 11,
    "link": "https://mangalib.me/ru/6435--kaguya-sama-wa-kokurasetai-tensai-tachi-no-renai-zunousen/read/v2/c11",
    "title": undefined,
    "volumeId": 2,
  },
  {
    "id": 12,
    "link": "https://mangalib.me/ru/6435--kaguya-sama-wa-kokurasetai-tensai-tachi-no-renai-zunousen/read/v2/c12",
    "title": undefined,
    "volumeId": 2,
  },
  {
    "id": 13,
    "link": "https://mangalib.me/ru/6435--kaguya-sama-wa-kokurasetai-tensai-tachi-no-renai-zunousen/read/v2/c13",
    "title": undefined,
    "volumeId": 2,
  },
  {
    "id": 14,
    "link": "https://mangalib.me/ru/6435--kaguya-sama-wa-kokurasetai-tensai-tachi-no-renai-zunousen/read/v2/c14",
    "title": undefined,
    "volumeId": 2,
  },
  {
    "id": 15,
    "link": "https://mangalib.me/ru/6435--kaguya-sama-wa-kokurasetai-tensai-tachi-no-renai-zunousen/read/v2/c15",
    "title": undefined,
    "volumeId": 2,
  },
  {
    "id": 16,
    "link": "https://mangalib.me/ru/6435--kaguya-sama-wa-kokurasetai-tensai-tachi-no-renai-zunousen/read/v2/c16",
    "title": undefined,
    "volumeId": 2,
  },
  {
    "id": 17,
    "link": "https://mangalib.me/ru/6435--kaguya-sama-wa-kokurasetai-tensai-tachi-no-renai-zunousen/read/v2/c17",
    "title": undefined,
    "volumeId": 2,
  },
  {
    "id": 18,
    "link": "https://mangalib.me/ru/6435--kaguya-sama-wa-kokurasetai-tensai-tachi-no-renai-zunousen/read/v2/c18",
    "title": undefined,
    "volumeId": 2,
  },
  {
    "id": 19,
    "link": "https://mangalib.me/ru/6435--kaguya-sama-wa-kokurasetai-tensai-tachi-no-renai-zunousen/read/v2/c19",
    "title": undefined,
    "volumeId": 2,
  },
  {
    "id": 20,
    "link": "https://mangalib.me/ru/6435--kaguya-sama-wa-kokurasetai-tensai-tachi-no-renai-zunousen/read/v2/c20",
    "title": undefined,
    "volumeId": 2,
  },
  {
    "id": 20.1,
    "link": "https://mangalib.me/ru/6435--kaguya-sama-wa-kokurasetai-tensai-tachi-no-renai-zunousen/read/v2/c20.1",
    "title": "Экстра-глава к тому 2",
    "volumeId": 2,
  },
  {
    "id": 21,
    "link": "https://mangalib.me/ru/6435--kaguya-sama-wa-kokurasetai-tensai-tachi-no-renai-zunousen/read/v3/c21",
    "title": undefined,
    "volumeId": 3,
  },
  {
    "id": 22,
    "link": "https://mangalib.me/ru/6435--kaguya-sama-wa-kokurasetai-tensai-tachi-no-renai-zunousen/read/v3/c22",
    "title": undefined,
    "volumeId": 3,
  },
  {
    "id": 23,
    "link": "https://mangalib.me/ru/6435--kaguya-sama-wa-kokurasetai-tensai-tachi-no-renai-zunousen/read/v3/c23",
    "title": undefined,
    "volumeId": 3,
  },
  {
    "id": 24,
    "link": "https://mangalib.me/ru/6435--kaguya-sama-wa-kokurasetai-tensai-tachi-no-renai-zunousen/read/v3/c24",
    "title": undefined,
    "volumeId": 3,
  },
  {
    "id": 25,
    "link": "https://mangalib.me/ru/6435--kaguya-sama-wa-kokurasetai-tensai-tachi-no-renai-zunousen/read/v3/c25",
    "title": undefined,
    "volumeId": 3,
  },
  {
    "id": 26,
    "link": "https://mangalib.me/ru/6435--kaguya-sama-wa-kokurasetai-tensai-tachi-no-renai-zunousen/read/v3/c26",
    "title": undefined,
    "volumeId": 3,
  },
  {
    "id": 27,
    "link": "https://mangalib.me/ru/6435--kaguya-sama-wa-kokurasetai-tensai-tachi-no-renai-zunousen/read/v3/c27",
    "title": "Кагуя пытается держать себя в руках",
    "volumeId": 3,
  },
  {
    "id": 27.5,
    "link": "https://mangalib.me/ru/6435--kaguya-sama-wa-kokurasetai-tensai-tachi-no-renai-zunousen/read/v3/c27.5",
    "title": "Экстра",
    "volumeId": 3,
  },
  {
    "id": 28,
    "link": "https://mangalib.me/ru/6435--kaguya-sama-wa-kokurasetai-tensai-tachi-no-renai-zunousen/read/v3/c28",
    "title": "Чика Фудживара хочет тестировать",
    "volumeId": 3,
  },
  {
    "id": 29,
    "link": "https://mangalib.me/ru/6435--kaguya-sama-wa-kokurasetai-tensai-tachi-no-renai-zunousen/read/v3/c29",
    "title": "Кагуя хочет, чтобы он присоединился",
    "volumeId": 3,
  },
  {
    "id": 30,
    "link": "https://mangalib.me/ru/6435--kaguya-sama-wa-kokurasetai-tensai-tachi-no-renai-zunousen/read/v3/c30",
    "title": "Аи Хаясака хочет защитить",
    "volumeId": 3,
  },
  {
    "id": 30.1,
    "link": "https://mangalib.me/ru/6435--kaguya-sama-wa-kokurasetai-tensai-tachi-no-renai-zunousen/read/v3/c30.1",
    "title": "Экстра-глава к 3 тому",
    "volumeId": 3,
  },
  {
    "id": 31,
    "link": "https://mangalib.me/ru/6435--kaguya-sama-wa-kokurasetai-tensai-tachi-no-renai-zunousen/read/v4/c31",
    "title": "Миюки Широгане нельзя проигрывать",
    "volumeId": 4,
  },
  {
    "id": 32,
    "link": "https://mangalib.me/ru/6435--kaguya-sama-wa-kokurasetai-tensai-tachi-no-renai-zunousen/read/v4/c32",
    "title": "Кагуя хочет, чтобы её ненавидели",
    "volumeId": 4,
  },
  {
    "id": 33,
    "link": "https://mangalib.me/ru/6435--kaguya-sama-wa-kokurasetai-tensai-tachi-no-renai-zunousen/read/v4/c33",
    "title": "Кагуя хочет отвезти его домой.",
    "volumeId": 4,
  },
  {
    "id": 34,
    "link": "https://mangalib.me/ru/6435--kaguya-sama-wa-kokurasetai-tensai-tachi-no-renai-zunousen/read/v4/c34",
    "title": "Чика Фудживара хочет навестить.",
    "volumeId": 4,
  },
  {
    "id": 35,
    "link": "https://mangalib.me/ru/6435--kaguya-sama-wa-kokurasetai-tensai-tachi-no-renai-zunousen/read/v4/c35",
    "title": "О Кагуе Шиномии. Часть 1.",
    "volumeId": 4,
  },
  {
    "id": 36,
    "link": "https://mangalib.me/ru/6435--kaguya-sama-wa-kokurasetai-tensai-tachi-no-renai-zunousen/read/v4/c36",
    "title": "Миюки Широгане хочет петь",
    "volumeId": 4,
  },
  {
    "id": 37,
    "link": "https://mangalib.me/ru/6435--kaguya-sama-wa-kokurasetai-tensai-tachi-no-renai-zunousen/read/v4/c37",
    "title": "Кагуя не отступит",
    "volumeId": 4,
  },
  {
    "id": 38,
    "link": "https://mangalib.me/ru/6435--kaguya-sama-wa-kokurasetai-tensai-tachi-no-renai-zunousen/read/v4/c38",
    "title": "Кагуя хочет простить",
    "volumeId": 4,
  },
  {
    "id": 39,
    "link": "https://mangalib.me/ru/6435--kaguya-sama-wa-kokurasetai-tensai-tachi-no-renai-zunousen/read/v4/c39",
    "title": "Кагуя хочет, чтобы она это сказала",
    "volumeId": 4,
  },
  {
    "id": 40,
    "link": "https://mangalib.me/ru/6435--kaguya-sama-wa-kokurasetai-tensai-tachi-no-renai-zunousen/read/v4/c40",
    "title": "Миюки Широгане хочет отправиться куда-нибудь",
    "volumeId": 4,
  },
  {
    "id": 41,
    "link": "https://mangalib.me/ru/6435--kaguya-sama-wa-kokurasetai-tensai-tachi-no-renai-zunousen/read/v5/c41",
    "title": "Миюки Широгане хочет встретиться",
    "volumeId": 5,
  },
  {
    "id": 42,
    "link": "https://mangalib.me/ru/6435--kaguya-sama-wa-kokurasetai-tensai-tachi-no-renai-zunousen/read/v5/c42",
    "title": "Ай Хаясака хочет промокнуть",
    "volumeId": 5,
  },
  {
    "id": 43,
    "link": "https://mangalib.me/ru/6435--kaguya-sama-wa-kokurasetai-tensai-tachi-no-renai-zunousen/read/v5/c43",
    "title": "Чика Фудживара очень хочет есть",
    "volumeId": 5,
  },
  {
    "id": 44,
    "link": "https://mangalib.me/ru/6435--kaguya-sama-wa-kokurasetai-tensai-tachi-no-renai-zunousen/read/v5/c44",
    "title": "Я не слышу фейерверки, часть первая",
    "volumeId": 5,
  },
  {
    "id": 45,
    "link": "https://mangalib.me/ru/6435--kaguya-sama-wa-kokurasetai-tensai-tachi-no-renai-zunousen/read/v5/c45",
    "title": "Я не слышу фейерверки, часть вторая",
    "volumeId": 5,
  },
  {
    "id": 45.5,
    "link": "https://mangalib.me/ru/6435--kaguya-sama-wa-kokurasetai-tensai-tachi-no-renai-zunousen/read/v5/c45.5",
    "title": "Я не слышу фейерверки (экстра)",
    "volumeId": 5,
  },
  {
    "id": 46,
    "link": "https://mangalib.me/ru/6435--kaguya-sama-wa-kokurasetai-tensai-tachi-no-renai-zunousen/read/v5/c46",
    "title": "Кагуя не хочет избегать его",
    "volumeId": 5,
  },
  {
    "id": 46.5,
    "link": "https://mangalib.me/ru/6435--kaguya-sama-wa-kokurasetai-tensai-tachi-no-renai-zunousen/read/v5/c46.5",
    "title": "Перетасовка студсовета Шучиин",
    "volumeId": 5,
  },
  {
    "id": 47,
    "link": "https://mangalib.me/ru/6435--kaguya-sama-wa-kokurasetai-tensai-tachi-no-renai-zunousen/read/v6/c47",
    "title": "Кагуя хочет, чтобы он сделал выбор",
    "volumeId": 6,
  },
  {
    "id": 48,
    "link": "https://mangalib.me/ru/6435--kaguya-sama-wa-kokurasetai-tensai-tachi-no-renai-zunousen/read/v6/c48",
    "title": "студенческий совет не достиг нирваны",
    "volumeId": 6,
  },
  {
    "id": 49,
    "link": "https://mangalib.me/ru/6435--kaguya-sama-wa-kokurasetai-tensai-tachi-no-renai-zunousen/read/v6/c49",
    "title": "Миюки Широгане хочет выпотрошить",
    "volumeId": 6,
  },
  {
    "id": 50,
    "link": "https://mangalib.me/ru/6435--kaguya-sama-wa-kokurasetai-tensai-tachi-no-renai-zunousen/read/v6/c50",
    "title": "Кагуя хочет отмечать",
    "volumeId": 6,
  },
  {
    "id": 51,
    "link": "https://mangalib.me/ru/6435--kaguya-sama-wa-kokurasetai-tensai-tachi-no-renai-zunousen/read/v6/c51",
    "title": "Нагиса Кашиваги не может смотреть на то, что происходит",
    "volumeId": 6,
  },
  {
    "id": 52,
    "link": "https://mangalib.me/ru/6435--kaguya-sama-wa-kokurasetai-tensai-tachi-no-renai-zunousen/read/v6/c52",
    "title": "Кагуя хочет узнать",
    "volumeId": 6,
  },
  {
    "id": 53,
    "link": "https://mangalib.me/ru/6435--kaguya-sama-wa-kokurasetai-tensai-tachi-no-renai-zunousen/read/v6/c53",
    "title": "Кагуя хочет отдать ему подарок",
    "volumeId": 6,
  },
  {
    "id": 54,
    "link": "https://mangalib.me/ru/6435--kaguya-sama-wa-kokurasetai-tensai-tachi-no-renai-zunousen/read/v6/c54",
    "title": "Чика Фудживара хочет подтвердить это",
    "volumeId": 6,
  },
  {
    "id": 55,
    "link": "https://mangalib.me/ru/6435--kaguya-sama-wa-kokurasetai-tensai-tachi-no-renai-zunousen/read/v6/c55",
    "title": "И поэтому Ю Ишигами закрыл глаза, часть первая",
    "volumeId": 6,
  },
  {
    "id": 56,
    "link": "https://mangalib.me/ru/6435--kaguya-sama-wa-kokurasetai-tensai-tachi-no-renai-zunousen/read/v6/c56",
    "title": "Миюки Широгане хочет созерцать луну",
    "volumeId": 6,
  },
  {
    "id": 57,
    "link": "https://mangalib.me/ru/6435--kaguya-sama-wa-kokurasetai-tensai-tachi-no-renai-zunousen/read/v6/c57",
    "title": "Кагуя хочет выйти замуж",
    "volumeId": 6,
  },
  {
    "id": 58,
    "link": "https://mangalib.me/ru/6435--kaguya-sama-wa-kokurasetai-tensai-tachi-no-renai-zunousen/read/v6/c58",
    "title": "Ай Хаясака хочет, чтобы он влюбился в неё",
    "volumeId": 6,
  },
  {
    "id": 59,
    "link": "https://mangalib.me/ru/6435--kaguya-sama-wa-kokurasetai-tensai-tachi-no-renai-zunousen/read/v6/c59",
    "title": "67-ой студсовет",
    "volumeId": 6,
  },
  {
    "id": 60,
    "link": "https://mangalib.me/ru/6435--kaguya-sama-wa-kokurasetai-tensai-tachi-no-renai-zunousen/read/v6/c60",
    "title": "Кагуя не хочет говорить это",
    "volumeId": 6,
  },
  {
    "id": 61,
    "link": "https://mangalib.me/ru/6435--kaguya-sama-wa-kokurasetai-tensai-tachi-no-renai-zunousen/read/v6/c61",
    "title": "Госпожа Кагуя хочет признание",
    "volumeId": 6,
  },
  {
    "id": 62,
    "link": "https://mangalib.me/ru/6435--kaguya-sama-wa-kokurasetai-tensai-tachi-no-renai-zunousen/read/v6/c62",
    "title": "Миюки Широгане хочет рисовать",
    "volumeId": 6,
  },
  {
    "id": 63,
    "link": "https://mangalib.me/ru/6435--kaguya-sama-wa-kokurasetai-tensai-tachi-no-renai-zunousen/read/v6/c63",
    "title": "Миюки Широгане хочет быть популярным у женщин",
    "volumeId": 6,
  },
  {
    "id": 64,
    "link": "https://mangalib.me/ru/6435--kaguya-sama-wa-kokurasetai-tensai-tachi-no-renai-zunousen/read/v6/c64",
    "title": "Нагиса Кашиваги хочет утешить",
    "volumeId": 6,
  },
  {
    "id": 64.5,
    "link": "https://mangalib.me/ru/6435--kaguya-sama-wa-kokurasetai-tensai-tachi-no-renai-zunousen/read/v6/c64.5",
    "title": "Госпожа Кагуя хочет, чтобы ей признались: Тьма",
    "volumeId": 6,
  },
  {
    "id": 65,
    "link": "https://mangalib.me/ru/6435--kaguya-sama-wa-kokurasetai-tensai-tachi-no-renai-zunousen/read/v7/c65",
    "title": "Мико Иино хочет сделать все правильно",
    "volumeId": 7,
  },
  {
    "id": 66,
    "link": "https://mangalib.me/ru/6435--kaguya-sama-wa-kokurasetai-tensai-tachi-no-renai-zunousen/read/v7/c66",
    "title": "Госпожа Кагуя хочет ликвидировать их",
    "volumeId": 7,
  },
  {
    "id": 67,
    "link": "https://mangalib.me/ru/6435--kaguya-sama-wa-kokurasetai-tensai-tachi-no-renai-zunousen/read/v7/c67",
    "title": "Я не хочу, чтобы над Мико Иино смеялись",
    "volumeId": 7,
  },
  {
    "id": 68,
    "link": "https://mangalib.me/ru/6435--kaguya-sama-wa-kokurasetai-tensai-tachi-no-renai-zunousen/read/v7/c68",
    "title": "Я хочу, чтобы Мико Иино улыбалась",
    "volumeId": 7,
  },
  {
    "id": 69,
    "link": "https://mangalib.me/ru/6435--kaguya-sama-wa-kokurasetai-tensai-tachi-no-renai-zunousen/read/v7/c69",
    "title": "Госпожу Кагую не позвали",
    "volumeId": 7,
  },
  {
    "id": 70,
    "link": "https://mangalib.me/ru/6435--kaguya-sama-wa-kokurasetai-tensai-tachi-no-renai-zunousen/read/v7/c70",
    "title": "Госпожа Кагуя хочет раздеть его",
    "volumeId": 7,
  },
  {
    "id": 71,
    "link": "https://mangalib.me/ru/6435--kaguya-sama-wa-kokurasetai-tensai-tachi-no-renai-zunousen/read/v7/c71",
    "title": "Госпожа Кагуя хочет вырабатывать",
    "volumeId": 7,
  },
  {
    "id": 72,
    "link": "https://mangalib.me/ru/6435--kaguya-sama-wa-kokurasetai-tensai-tachi-no-renai-zunousen/read/v8/c72",
    "title": "Мико Иино хочет контролировать себя",
    "volumeId": 8,
  },
  {
    "id": 73,
    "link": "https://mangalib.me/ru/6435--kaguya-sama-wa-kokurasetai-tensai-tachi-no-renai-zunousen/read/v8/c73",
    "title": "Миюки Широгане хочет заставить её прочитать это",
    "volumeId": 8,
  },
  {
    "id": 74,
    "link": "https://mangalib.me/ru/6435--kaguya-sama-wa-kokurasetai-tensai-tachi-no-renai-zunousen/read/v8/c74",
    "title": "Госпожа Кагуя ♡ Океанариум",
    "volumeId": 8,
  },
  {
    "id": 75,
    "link": "https://mangalib.me/ru/6435--kaguya-sama-wa-kokurasetai-tensai-tachi-no-renai-zunousen/read/v8/c75",
    "title": "Госпожа Кагуя хочет собирать",
    "volumeId": 8,
  },
  {
    "id": 76,
    "link": "https://mangalib.me/ru/6435--kaguya-sama-wa-kokurasetai-tensai-tachi-no-renai-zunousen/read/v8/c76",
    "title": "Нагиса Кашиваги раздражает",
    "volumeId": 8,
  },
  {
    "id": 77,
    "link": "https://mangalib.me/ru/6435--kaguya-sama-wa-kokurasetai-tensai-tachi-no-renai-zunousen/read/v8/c77",
    "title": "Чика Фудживара хочет узнать",
    "volumeId": 8,
  },
  {
    "id": 78,
    "link": "https://mangalib.me/ru/6435--kaguya-sama-wa-kokurasetai-tensai-tachi-no-renai-zunousen/read/v8/c78",
    "title": "Госпожа Кагуя не боится",
    "volumeId": 8,
  },
  {
    "id": 79,
    "link": "https://mangalib.me/ru/6435--kaguya-sama-wa-kokurasetai-tensai-tachi-no-renai-zunousen/read/v8/c79",
    "title": "Госпожа Кагуя хочет, чтобы её осмотрели",
    "volumeId": 8,
  },
  {
    "id": 80,
    "link": "https://mangalib.me/ru/6435--kaguya-sama-wa-kokurasetai-tensai-tachi-no-renai-zunousen/read/v8/c80",
    "title": "И поэтому Ю Ишигами закрыл глаза, часть вторая",
    "volumeId": 8,
  },
  {
    "id": 81,
    "link": "https://mangalib.me/ru/6435--kaguya-sama-wa-kokurasetai-tensai-tachi-no-renai-zunousen/read/v9/c81",
    "title": "Госпожа Кагуя хочет коснуться",
    "volumeId": 9,
  },
  {
    "id": 82,
    "link": "https://mangalib.me/ru/6435--kaguya-sama-wa-kokurasetai-tensai-tachi-no-renai-zunousen/read/v9/c82",
    "title": "Госпожа Кагуя не откажет",
    "volumeId": 9,
  },
  {
    "id": 83,
    "link": "https://mangalib.me/ru/6435--kaguya-sama-wa-kokurasetai-tensai-tachi-no-renai-zunousen/read/v9/c83",
    "title": "Кей Широгане не будет говорить",
    "volumeId": 9,
  },
  {
    "id": 83.5,
    "link": "https://mangalib.me/ru/6435--kaguya-sama-wa-kokurasetai-tensai-tachi-no-renai-zunousen/read/v9/c83.5",
    "title": "Госпожа Кагуя хочет, чтобы ей признались: Тьма, часть вторая",
    "volumeId": 9,
  },
  {
    "id": 84,
    "link": "https://mangalib.me/ru/6435--kaguya-sama-wa-kokurasetai-tensai-tachi-no-renai-zunousen/read/v9/c84",
    "title": "Миюки Широгане хочет танцевать",
    "volumeId": 9,
  },
  {
    "id": 85,
    "link": "https://mangalib.me/ru/6435--kaguya-sama-wa-kokurasetai-tensai-tachi-no-renai-zunousen/read/v9/c85",
    "title": "Кобачи Осараги хочет надзирать",
    "volumeId": 9,
  },
  {
    "id": 86,
    "link": "https://mangalib.me/ru/6435--kaguya-sama-wa-kokurasetai-tensai-tachi-no-renai-zunousen/read/v9/c86",
    "title": "Отец Широгане хочет совать свой нос",
    "volumeId": 9,
  },
  {
    "id": 87,
    "link": "https://mangalib.me/ru/6435--kaguya-sama-wa-kokurasetai-tensai-tachi-no-renai-zunousen/read/v9/c87",
    "title": "Спортивный фестиваль Шучиина",
    "volumeId": 9,
  },
  {
    "id": 88,
    "link": "https://mangalib.me/ru/6435--kaguya-sama-wa-kokurasetai-tensai-tachi-no-renai-zunousen/read/v9/c88",
    "title": "И поэтому Ю Ишигами закрыл глаза, часть третья",
    "volumeId": 9,
  },
  {
    "id": 89,
    "link": "https://mangalib.me/ru/6435--kaguya-sama-wa-kokurasetai-tensai-tachi-no-renai-zunousen/read/v9/c89",
    "title": "Миюки Широгане и Ю Ишигами",
    "volumeId": 9,
  },
  {
    "id": 90,
    "link": "https://mangalib.me/ru/6435--kaguya-sama-wa-kokurasetai-tensai-tachi-no-renai-zunousen/read/v9/c90",
    "title": "Кёко Оотомо не понимает",
    "volumeId": 9,
  },
  {
    "id": 91,
    "link": "https://mangalib.me/ru/6435--kaguya-sama-wa-kokurasetai-tensai-tachi-no-renai-zunousen/read/v10/c91",
    "title": "Чика Фудживара хочет сделать его большим",
    "volumeId": 10,
  },
  {
    "id": 92,
    "link": "https://mangalib.me/ru/6435--kaguya-sama-wa-kokurasetai-tensai-tachi-no-renai-zunousen/read/v10/c92",
    "title": "Я хочу заставить госпожу Кагую покраснеть",
    "volumeId": 10,
  },
  {
    "id": 93,
    "link": "https://mangalib.me/ru/6435--kaguya-sama-wa-kokurasetai-tensai-tachi-no-renai-zunousen/read/v10/c93",
    "title": "Госпожа Кагуя хочет вытащить его",
    "volumeId": 10,
  },
  {
    "id": 94,
    "link": "https://mangalib.me/ru/6435--kaguya-sama-wa-kokurasetai-tensai-tachi-no-renai-zunousen/read/v10/c94",
    "title": "Госпожа Кагуя хочет прервать их",
    "volumeId": 10,
  },
  {
    "id": 95,
    "link": "https://mangalib.me/ru/6435--kaguya-sama-wa-kokurasetai-tensai-tachi-no-renai-zunousen/read/v10/c95",
    "title": "Мико Иино хочет расслабиться",
    "volumeId": 10,
  },
  {
    "id": 96,
    "link": "https://mangalib.me/ru/6435--kaguya-sama-wa-kokurasetai-tensai-tachi-no-renai-zunousen/read/v10/c96",
    "title": "Госпожа Кагуя хочет покормить его",
    "volumeId": 10,
  },
  {
    "id": 97,
    "link": "https://mangalib.me/ru/6435--kaguya-sama-wa-kokurasetai-tensai-tachi-no-renai-zunousen/read/v10/c97",
    "title": "Нагиса Кашиваги хочет приговорить его к смерти",
    "volumeId": 10,
  },
  {
    "id": 98,
    "link": "https://mangalib.me/ru/6435--kaguya-sama-wa-kokurasetai-tensai-tachi-no-renai-zunousen/read/v10/c98",
    "title": "Маки Шиджё хочет действовать",
    "volumeId": 10,
  },
  {
    "id": 99,
    "link": "https://mangalib.me/ru/6435--kaguya-sama-wa-kokurasetai-tensai-tachi-no-renai-zunousen/read/v10/c99",
    "title": "Миюки Широгане хочет, чтобы ему поверили",
    "volumeId": 10,
  },
  {
    "id": 100,
    "link": "https://mangalib.me/ru/6435--kaguya-sama-wa-kokurasetai-tensai-tachi-no-renai-zunousen/read/v10/c100",
    "title": "Студенческий совет хочет фотографироваться",
    "volumeId": 10,
  },
  {
    "id": 101,
    "link": "https://mangalib.me/ru/6435--kaguya-sama-wa-kokurasetai-tensai-tachi-no-renai-zunousen/read/v10/c101",
    "title": "Я хочу, чтобы студенческий совет сфотографировался",
    "volumeId": 10,
  },
  {
    "id": 101.5,
    "link": "https://mangalib.me/ru/6435--kaguya-sama-wa-kokurasetai-tensai-tachi-no-renai-zunousen/read/v10/c101.5",
    "title": "Экстра ко второму сезону",
    "volumeId": 10,
  },
  {
    "id": 102,
    "link": "https://mangalib.me/ru/6435--kaguya-sama-wa-kokurasetai-tensai-tachi-no-renai-zunousen/read/v10/c102",
    "title": "Госпожа Кагуя не осознает",
    "volumeId": 10,
  },
  {
    "id": 103,
    "link": "https://mangalib.me/ru/6435--kaguya-sama-wa-kokurasetai-tensai-tachi-no-renai-zunousen/read/v10/c103",
    "title": "Миюки Широгане хочет быть посредником",
    "volumeId": 10,
  },
  {
    "id": 104,
    "link": "https://mangalib.me/ru/6435--kaguya-sama-wa-kokurasetai-tensai-tachi-no-renai-zunousen/read/v11/c104",
    "title": "Невозможное испытание Кагуи Шиномии: «Раковинка ласточки», часть 1",
    "volumeId": 11,
  },
  {
    "id": 105,
    "link": "https://mangalib.me/ru/6435--kaguya-sama-wa-kokurasetai-tensai-tachi-no-renai-zunousen/read/v11/c105",
    "title": "Ю Ишигами хочет ответить",
    "volumeId": 11,
  },
  {
    "id": 106,
    "link": "https://mangalib.me/ru/6435--kaguya-sama-wa-kokurasetai-tensai-tachi-no-renai-zunousen/read/v11/c106",
    "title": "Чика Фудживара хочет остаться",
    "volumeId": 11,
  },
  {
    "id": 107,
    "link": "https://mangalib.me/ru/6435--kaguya-sama-wa-kokurasetai-tensai-tachi-no-renai-zunousen/read/v11/c107",
    "title": "Чика Фудживара хочет поймать ритм",
    "volumeId": 11,
  },
  {
    "id": 108,
    "link": "https://mangalib.me/ru/6435--kaguya-sama-wa-kokurasetai-tensai-tachi-no-renai-zunousen/read/v11/c108",
    "title": "Ай Хаясака хочет кое-что сказать",
    "volumeId": 11,
  },
  {
    "id": 109,
    "link": "https://mangalib.me/ru/6435--kaguya-sama-wa-kokurasetai-tensai-tachi-no-renai-zunousen/read/v11/c109",
    "title": "Маки Шиджё нужна помощь",
    "volumeId": 11,
  },
  {
    "id": 109.1,
    "link": "https://mangalib.me/ru/6435--kaguya-sama-wa-kokurasetai-tensai-tachi-no-renai-zunousen/read/v11/c109.1",
    "title": undefined,
    "volumeId": 11,
  },
  {
    "id": 110,
    "link": "https://mangalib.me/ru/6435--kaguya-sama-wa-kokurasetai-tensai-tachi-no-renai-zunousen/read/v11/c110",
    "title": "Ю Ишигами хочет обсудить это",
    "volumeId": 11,
  },
  {
    "id": 111,
    "link": "https://mangalib.me/ru/6435--kaguya-sama-wa-kokurasetai-tensai-tachi-no-renai-zunousen/read/v11/c111",
    "title": "Студенческий совет хочет продвигаться вперёд",
    "volumeId": 11,
  },
  {
    "id": 112,
    "link": "https://mangalib.me/ru/6435--kaguya-sama-wa-kokurasetai-tensai-tachi-no-renai-zunousen/read/v12/c112",
    "title": "Миюки Широгане хочет, чтобы ему признались, часть первая",
    "volumeId": 12,
  },
  {
    "id": 113,
    "link": "https://mangalib.me/ru/6435--kaguya-sama-wa-kokurasetai-tensai-tachi-no-renai-zunousen/read/v12/c113",
    "title": "Миюки Широгане хочет, чтобы ему признались, часть вторая",
    "volumeId": 12,
  },
  {
    "id": 114,
    "link": "https://mangalib.me/ru/6435--kaguya-sama-wa-kokurasetai-tensai-tachi-no-renai-zunousen/read/v12/c114",
    "title": "Миюки Широгане хочет, чтобы ему признались, часть третья",
    "volumeId": 12,
  },
  {
    "id": 115,
    "link": "https://mangalib.me/ru/6435--kaguya-sama-wa-kokurasetai-tensai-tachi-no-renai-zunousen/read/v12/c115",
    "title": "Мико Иино не может любить, часть первая",
    "volumeId": 12,
  },
  {
    "id": 116,
    "link": "https://mangalib.me/ru/6435--kaguya-sama-wa-kokurasetai-tensai-tachi-no-renai-zunousen/read/v12/c116",
    "title": "Мы хотим поговорить про культурный фестиваль",
    "volumeId": 12,
  },
  {
    "id": 117,
    "link": "https://mangalib.me/ru/6435--kaguya-sama-wa-kokurasetai-tensai-tachi-no-renai-zunousen/read/v12/c117",
    "title": "Чика Фудживара хочет cражаться",
    "volumeId": 12,
  },
  {
    "id": 118,
    "link": "https://mangalib.me/ru/6435--kaguya-sama-wa-kokurasetai-tensai-tachi-no-renai-zunousen/read/v12/c118",
    "title": "Миюки Широгане хочет надувать",
    "volumeId": 12,
  },
  {
    "id": 119,
    "link": "https://mangalib.me/ru/6435--kaguya-sama-wa-kokurasetai-tensai-tachi-no-renai-zunousen/read/v12/c119",
    "title": "Кей Широгане хочет покрасоваться",
    "volumeId": 12,
  },
  {
    "id": 120,
    "link": "https://mangalib.me/ru/6435--kaguya-sama-wa-kokurasetai-tensai-tachi-no-renai-zunousen/read/v12/c120",
    "title": "О Кагуе Шиномии, часть вторая",
    "volumeId": 12,
  },
  {
    "id": 121,
    "link": "https://mangalib.me/ru/6435--kaguya-sama-wa-kokurasetai-tensai-tachi-no-renai-zunousen/read/v12/c121",
    "title": "Первый год, весна",
    "volumeId": 12,
  },
  {
    "id": 122,
    "link": "https://mangalib.me/ru/6435--kaguya-sama-wa-kokurasetai-tensai-tachi-no-renai-zunousen/read/v13/c122",
    "title": "Госпожа Кагуя хочет признаться",
    "volumeId": 13,
  },
  {
    "id": 123,
    "link": "https://mangalib.me/ru/6435--kaguya-sama-wa-kokurasetai-tensai-tachi-no-renai-zunousen/read/v13/c123",
    "title": "Культурный фестиваль госпожи Кагуи",
    "volumeId": 13,
  },
  {
    "id": 124,
    "link": "https://mangalib.me/ru/6435--kaguya-sama-wa-kokurasetai-tensai-tachi-no-renai-zunousen/read/v13/c124",
    "title": "Культурный фестиваль Ю Ишигами",
    "volumeId": 13,
  },
  {
    "id": 125,
    "link": "https://mangalib.me/ru/6435--kaguya-sama-wa-kokurasetai-tensai-tachi-no-renai-zunousen/read/v13/c125",
    "title": "Козуе Макихара хочет поиграть",
    "volumeId": 13,
  },
  {
    "id": 126,
    "link": "https://mangalib.me/ru/6435--kaguya-sama-wa-kokurasetai-tensai-tachi-no-renai-zunousen/read/v13/c126",
    "title": "Чика Фудживара хочет внести ясность",
    "volumeId": 13,
  },
  {
    "id": 127,
    "link": "https://mangalib.me/ru/6435--kaguya-sama-wa-kokurasetai-tensai-tachi-no-renai-zunousen/read/v13/c127",
    "title": "Культурный фестиваль Миюки Широгане",
    "volumeId": 13,
  },
  {
    "id": 128,
    "link": "https://mangalib.me/ru/6435--kaguya-sama-wa-kokurasetai-tensai-tachi-no-renai-zunousen/read/v13/c128",
    "title": "Госпожа Кагуя хочет сбить их",
    "volumeId": 13,
  },
  {
    "id": 129,
    "link": "https://mangalib.me/ru/6435--kaguya-sama-wa-kokurasetai-tensai-tachi-no-renai-zunousen/read/v13/c129",
    "title": "Миюки Широгане хочет, чтобы ему признались, часть четвертая",
    "volumeId": 13,
  },
  {
    "id": 130,
    "link": "https://mangalib.me/ru/6435--kaguya-sama-wa-kokurasetai-tensai-tachi-no-renai-zunousen/read/v13/c130",
    "title": "Цубамэ Коясу хочет ему отказать",
    "volumeId": 13,
  },
  {
    "id": 131,
    "link": "https://mangalib.me/ru/6435--kaguya-sama-wa-kokurasetai-tensai-tachi-no-renai-zunousen/read/v13/c131",
    "title": "Миюки Широгане хочет, чтобы ему признались, часть пятая",
    "volumeId": 13,
  },
  {
    "id": 132,
    "link": "https://mangalib.me/ru/6435--kaguya-sama-wa-kokurasetai-tensai-tachi-no-renai-zunousen/read/v14/c132",
    "title": "Госпожа Кагуя хочет признаться, часть вторая",
    "volumeId": 14,
  },
  {
    "id": 133,
    "link": "https://mangalib.me/ru/6435--kaguya-sama-wa-kokurasetai-tensai-tachi-no-renai-zunousen/read/v14/c133",
    "title": "Госпожа Кагуя хочет признаться, часть третья",
    "volumeId": 14,
  },
  {
    "id": 134,
    "link": "https://mangalib.me/ru/6435--kaguya-sama-wa-kokurasetai-tensai-tachi-no-renai-zunousen/read/v14/c134",
    "title": "Двойное признание, часть первая",
    "volumeId": 14,
  },
  {
    "id": 135,
    "link": "https://mangalib.me/ru/6435--kaguya-sama-wa-kokurasetai-tensai-tachi-no-renai-zunousen/read/v14/c135",
    "title": "Двойное признание, часть вторая",
    "volumeId": 14,
  },
  {
    "id": 136,
    "link": "https://mangalib.me/ru/6435--kaguya-sama-wa-kokurasetai-tensai-tachi-no-renai-zunousen/read/v14/c136",
    "title": "Двойное признание, часть третья",
    "volumeId": 14,
  },
  {
    "id": 137,
    "link": "https://mangalib.me/ru/6435--kaguya-sama-wa-kokurasetai-tensai-tachi-no-renai-zunousen/read/v14/c137",
    "title": "Закрывающая вечеринка академии Шучиин",
    "volumeId": 14,
  },
  {
    "id": 138,
    "link": "https://mangalib.me/ru/6435--kaguya-sama-wa-kokurasetai-tensai-tachi-no-renai-zunousen/read/v14/c138",
    "title": "Госпожа Кагуя хочет объяснить",
    "volumeId": 14,
  },
  {
    "id": 139,
    "link": "https://mangalib.me/ru/6435--kaguya-sama-wa-kokurasetai-tensai-tachi-no-renai-zunousen/read/v14/c139",
    "title": "Миюки Широгане хочет обсудить",
    "volumeId": 14,
  },
  {
    "id": 140,
    "link": "https://mangalib.me/ru/6435--kaguya-sama-wa-kokurasetai-tensai-tachi-no-renai-zunousen/read/v14/c140",
    "title": "Мико Иино хочет поговорить",
    "volumeId": 14,
  },
  {
    "id": 141,
    "link": "https://mangalib.me/ru/6435--kaguya-sama-wa-kokurasetai-tensai-tachi-no-renai-zunousen/read/v14/c141",
    "title": "О Кагуе Шиномии, часть третья",
    "volumeId": 14,
  },
  {
    "id": 142,
    "link": "https://mangalib.me/ru/6435--kaguya-sama-wa-kokurasetai-tensai-tachi-no-renai-zunousen/read/v15/c142",
    "title": "О Кагуе Шиномии, часть четвёртая",
    "volumeId": 15,
  },
  {
    "id": 143,
    "link": "https://mangalib.me/ru/6435--kaguya-sama-wa-kokurasetai-tensai-tachi-no-renai-zunousen/read/v15/c143",
    "title": "Госпожа Кагуя хочет, чтобы её заметили (Ледяная)",
    "volumeId": 15,
  },
  {
    "id": 144,
    "link": "https://mangalib.me/ru/6435--kaguya-sama-wa-kokurasetai-tensai-tachi-no-renai-zunousen/read/v15/c144",
    "title": "Госпожа Кагуя хочет признаться по секрету (Ледяная)",
    "volumeId": 15,
  },
  {
    "id": 145,
    "link": "https://mangalib.me/ru/6435--kaguya-sama-wa-kokurasetai-tensai-tachi-no-renai-zunousen/read/v15/c145",
    "title": "Госпожа Кагуя хочет есть (Ледяная)",
    "volumeId": 15,
  },
  {
    "id": 146,
    "link": "https://mangalib.me/ru/6435--kaguya-sama-wa-kokurasetai-tensai-tachi-no-renai-zunousen/read/v15/c146",
    "title": "Наши персоны (Кагуя, часть 1)",
    "volumeId": 15,
  },
  {
    "id": 147,
    "link": "https://mangalib.me/ru/6435--kaguya-sama-wa-kokurasetai-tensai-tachi-no-renai-zunousen/read/v15/c147",
    "title": "Наши персоны (Широгане, часть 1)",
    "volumeId": 15,
  },
  {
    "id": 148,
    "link": "https://mangalib.me/ru/6435--kaguya-sama-wa-kokurasetai-tensai-tachi-no-renai-zunousen/read/v15/c148",
    "title": "Госпожа Кагуя хочет признаться (Ледяная)",
    "volumeId": 15,
  },
  {
    "id": 149,
    "link": "https://mangalib.me/ru/6435--kaguya-sama-wa-kokurasetai-tensai-tachi-no-renai-zunousen/read/v15/c149",
    "title": "Госпожа Кагуя думает, что всё в порядке",
    "volumeId": 15,
  },
  {
    "id": 150,
    "link": "https://mangalib.me/ru/6435--kaguya-sama-wa-kokurasetai-tensai-tachi-no-renai-zunousen/read/v15/c150",
    "title": "Нормальная романтика",
    "volumeId": 15,
  },
  {
    "id": 151,
    "link": "https://mangalib.me/ru/6435--kaguya-sama-wa-kokurasetai-tensai-tachi-no-renai-zunousen/read/v15/c151",
    "title": "Первый поцелуй никогда не заканчивается",
    "volumeId": 15,
  },
  {
    "id": 152,
    "link": "https://mangalib.me/ru/6435--kaguya-sama-wa-kokurasetai-tensai-tachi-no-renai-zunousen/read/v16/c152",
    "title": "Нагиса Кашиваги хочет скрыть",
    "volumeId": 16,
  },
  {
    "id": 153,
    "link": "https://mangalib.me/ru/6435--kaguya-sama-wa-kokurasetai-tensai-tachi-no-renai-zunousen/read/v16/c153",
    "title": "Раковинка ласточки (Ледяная)",
    "volumeId": 16,
  },
  {
    "id": 154,
    "link": "https://mangalib.me/ru/6435--kaguya-sama-wa-kokurasetai-tensai-tachi-no-renai-zunousen/read/v16/c154",
    "title": "Невозможное испытание Кагуи Шиномии: «Раковинка ласточки», часть 2",
    "volumeId": 16,
  },
  {
    "id": 155,
    "link": "https://mangalib.me/ru/6435--kaguya-sama-wa-kokurasetai-tensai-tachi-no-renai-zunousen/read/v16/c155",
    "title": "Невозможное испытание Кагуи Шиномии: «Раковинка ласточки», часть 3",
    "volumeId": 16,
  },
  {
    "id": 156,
    "link": "https://mangalib.me/ru/6435--kaguya-sama-wa-kokurasetai-tensai-tachi-no-renai-zunousen/read/v16/c156",
    "title": "Мико Иино не может любить, часть вторая",
    "volumeId": 16,
  },
  {
    "id": 157,
    "link": "https://mangalib.me/ru/6435--kaguya-sama-wa-kokurasetai-tensai-tachi-no-renai-zunousen/read/v16/c157",
    "title": "Чика Фудживара очень-очень хочет есть",
    "volumeId": 16,
  },
  {
    "id": 158,
    "link": "https://mangalib.me/ru/6435--kaguya-sama-wa-kokurasetai-tensai-tachi-no-renai-zunousen/read/v16/c158",
    "title": "Мико Иино не может любить, часть третья",
    "volumeId": 16,
  },
  {
    "id": 159,
    "link": "https://mangalib.me/ru/6435--kaguya-sama-wa-kokurasetai-tensai-tachi-no-renai-zunousen/read/v16/c159",
    "title": "Госпожа Кагуя… часть первая",
    "volumeId": 16,
  },
  {
    "id": 160,
    "link": "https://mangalib.me/ru/6435--kaguya-sama-wa-kokurasetai-tensai-tachi-no-renai-zunousen/read/v16/c160",
    "title": "Госпожа Кагуя… часть вторая",
    "volumeId": 16,
  },
  {
    "id": 161,
    "link": "https://mangalib.me/ru/6435--kaguya-sama-wa-kokurasetai-tensai-tachi-no-renai-zunousen/read/v16/c161",
    "title": "Маки Сидзё хочет быть просветлённой",
    "volumeId": 16,
  },
  {
    "id": 162,
    "link": "https://mangalib.me/ru/6435--kaguya-sama-wa-kokurasetai-tensai-tachi-no-renai-zunousen/read/v17/c162",
    "title": "Новая игра студсовета",
    "volumeId": 17,
  },
  {
    "id": 163,
    "link": "https://mangalib.me/ru/6435--kaguya-sama-wa-kokurasetai-tensai-tachi-no-renai-zunousen/read/v17/c163",
    "title": "Чика Фудживара хочет устроить сюрприз",
    "volumeId": 17,
  },
  {
    "id": 164,
    "link": "https://mangalib.me/ru/6435--kaguya-sama-wa-kokurasetai-tensai-tachi-no-renai-zunousen/read/v17/c164",
    "title": "Чика Фудживара хочет любить",
    "volumeId": 17,
  },
  {
    "id": 165,
    "link": "https://mangalib.me/ru/6435--kaguya-sama-wa-kokurasetai-tensai-tachi-no-renai-zunousen/read/v17/c165",
    "title": "Семпай-кун и кохай-чан, часть 1",
    "volumeId": 17,
  },
  {
    "id": 166,
    "link": "https://mangalib.me/ru/6435--kaguya-sama-wa-kokurasetai-tensai-tachi-no-renai-zunousen/read/v17/c166",
    "title": "Ю Ишигами хочет подсесть",
    "volumeId": 17,
  },
  {
    "id": 167,
    "link": "https://mangalib.me/ru/6435--kaguya-sama-wa-kokurasetai-tensai-tachi-no-renai-zunousen/read/v17/c167",
    "title": "Нагиса Кашиваги хочет вытянуть это из неё",
    "volumeId": 17,
  },
  {
    "id": 168,
    "link": "https://mangalib.me/ru/6435--kaguya-sama-wa-kokurasetai-tensai-tachi-no-renai-zunousen/read/v17/c168",
    "title": "Первая встреча",
    "volumeId": 17,
  },
  {
    "id": 169,
    "link": "https://mangalib.me/ru/6435--kaguya-sama-wa-kokurasetai-tensai-tachi-no-renai-zunousen/read/v17/c169",
    "title": "Алфавит мужчин и женщин, часть 1",
    "volumeId": 17,
  },
  {
    "id": 170,
    "link": "https://mangalib.me/ru/6435--kaguya-sama-wa-kokurasetai-tensai-tachi-no-renai-zunousen/read/v17/c170",
    "title": "Миюки Широгане хочет поговорить",
    "volumeId": 17,
  },
  {
    "id": 171,
    "link": "https://mangalib.me/ru/6435--kaguya-sama-wa-kokurasetai-tensai-tachi-no-renai-zunousen/read/v17/c171",
    "title": "Мы хотим поговорить о клубе настольных игр",
    "volumeId": 17,
  },
  {
    "id": 172,
    "link": "https://mangalib.me/ru/6435--kaguya-sama-wa-kokurasetai-tensai-tachi-no-renai-zunousen/read/v18/c172",
    "title": "Госпожа Кагуя хочет доверять",
    "volumeId": 18,
  },
  {
    "id": 172.1,
    "link": "https://mangalib.me/ru/6435--kaguya-sama-wa-kokurasetai-tensai-tachi-no-renai-zunousen/read/v18/c172.1",
    "title": "Кагукоку: Миюки и его девушки",
    "volumeId": 18,
  },
  {
    "id": 173,
    "link": "https://mangalib.me/ru/6435--kaguya-sama-wa-kokurasetai-tensai-tachi-no-renai-zunousen/read/v18/c173",
    "title": "Чика Фудживара хочет завязывать",
    "volumeId": 18,
  },
  {
    "id": 174,
    "link": "https://mangalib.me/ru/6435--kaguya-sama-wa-kokurasetai-tensai-tachi-no-renai-zunousen/read/v18/c174",
    "title": "Мико Иино не может любить, часть четвертая",
    "volumeId": 18,
  },
  {
    "id": 175,
    "link": "https://mangalib.me/ru/6435--kaguya-sama-wa-kokurasetai-tensai-tachi-no-renai-zunousen/read/v18/c175",
    "title": "Госпожа Кагуя хочет его внимания",
    "volumeId": 18,
  },
  {
    "id": 176,
    "link": "https://mangalib.me/ru/6435--kaguya-sama-wa-kokurasetai-tensai-tachi-no-renai-zunousen/read/v18/c176",
    "title": "Ю Ишигами хочет показать себя",
    "volumeId": 18,
  },
  {
    "id": 177,
    "link": "https://mangalib.me/ru/6435--kaguya-sama-wa-kokurasetai-tensai-tachi-no-renai-zunousen/read/v18/c177",
    "title": "Невозможное испытание Кагуи Шиномии: «Раковинка ласточки», часть 4",
    "volumeId": 18,
  },
  {
    "id": 178,
    "link": "https://mangalib.me/ru/6435--kaguya-sama-wa-kokurasetai-tensai-tachi-no-renai-zunousen/read/v18/c178",
    "title": "Семпай-кун и кохай-чан, часть 2",
    "volumeId": 18,
  },
  {
    "id": 179,
    "link": "https://mangalib.me/ru/6435--kaguya-sama-wa-kokurasetai-tensai-tachi-no-renai-zunousen/read/v18/c179",
    "title": "Ежедневная рутина Ай Хаясаки",
    "volumeId": 18,
  },
  {
    "id": 180,
    "link": "https://mangalib.me/ru/6435--kaguya-sama-wa-kokurasetai-tensai-tachi-no-renai-zunousen/read/v18/c180",
    "title": "Миюки Широгане хочет прогуляться по округе",
    "volumeId": 18,
  },
  {
    "id": 181,
    "link": "https://mangalib.me/ru/6435--kaguya-sama-wa-kokurasetai-tensai-tachi-no-renai-zunousen/read/v18/c181",
    "title": "Миюки Широгане хочет сохранить её для себя",
    "volumeId": 18,
  },
  {
    "id": 182,
    "link": "https://mangalib.me/ru/6435--kaguya-sama-wa-kokurasetai-tensai-tachi-no-renai-zunousen/read/v19/c182",
    "title": "Друзья Ай Хаясаки, часть 1",
    "volumeId": 19,
  },
  {
    "id": 183,
    "link": "https://mangalib.me/ru/6435--kaguya-sama-wa-kokurasetai-tensai-tachi-no-renai-zunousen/read/v19/c183",
    "title": "Друзья Ай Хаясаки, часть 2",
    "volumeId": 19,
  },
  {
    "id": 184,
    "link": "https://mangalib.me/ru/6435--kaguya-sama-wa-kokurasetai-tensai-tachi-no-renai-zunousen/read/v19/c184",
    "title": "Друзья Ай Хаясаки, часть 3",
    "volumeId": 19,
  },
  {
    "id": 185,
    "link": "https://mangalib.me/ru/6435--kaguya-sama-wa-kokurasetai-tensai-tachi-no-renai-zunousen/read/v19/c185",
    "title": "Друзья Ай Хаясаки, часть 4",
    "volumeId": 19,
  },
  {
    "id": 186,
    "link": "https://mangalib.me/ru/6435--kaguya-sama-wa-kokurasetai-tensai-tachi-no-renai-zunousen/read/v19/c186",
    "title": "Друзья Ай Хаясаки, часть 5",
    "volumeId": 19,
  },
  {
    "id": 187,
    "link": "https://mangalib.me/ru/6435--kaguya-sama-wa-kokurasetai-tensai-tachi-no-renai-zunousen/read/v19/c187",
    "title": "Друзья Ай Хаясаки и Кагуи Шиномии",
    "volumeId": 19,
  },
  {
    "id": 188,
    "link": "https://mangalib.me/ru/6435--kaguya-sama-wa-kokurasetai-tensai-tachi-no-renai-zunousen/read/v19/c188",
    "title": "Мико Иино не может выведать",
    "volumeId": 19,
  },
  {
    "id": 189,
    "link": "https://mangalib.me/ru/6435--kaguya-sama-wa-kokurasetai-tensai-tachi-no-renai-zunousen/read/v19/c189",
    "title": "Невозможное испытание Кагуи Шиномии: Каменная чаша Будды",
    "volumeId": 19,
  },
  {
    "id": 190,
    "link": "https://mangalib.me/ru/6435--kaguya-sama-wa-kokurasetai-tensai-tachi-no-renai-zunousen/read/v19/c190",
    "title": "Сэмпай-кун и кохай-чан, часть 3 и Мико Иино не может любить, часть пятая",
    "volumeId": 19,
  },
  {
    "id": 191,
    "link": "https://mangalib.me/ru/6435--kaguya-sama-wa-kokurasetai-tensai-tachi-no-renai-zunousen/read/v19/c191",
    "title": "Невозможное испытание Кагуи Шиномии: «Раковинка ласточки», часть 5",
    "volumeId": 19,
  },
  {
    "id": 192,
    "link": "https://mangalib.me/ru/6435--kaguya-sama-wa-kokurasetai-tensai-tachi-no-renai-zunousen/read/v20/c192",
    "title": "Кобачи Осараги наблюдает",
    "volumeId": 20,
  },
  {
    "id": 193,
    "link": "https://mangalib.me/ru/6435--kaguya-sama-wa-kokurasetai-tensai-tachi-no-renai-zunousen/read/v20/c193",
    "title": "Миюки Широгане хочет утешить",
    "volumeId": 20,
  },
  {
    "id": 194,
    "link": "https://mangalib.me/ru/6435--kaguya-sama-wa-kokurasetai-tensai-tachi-no-renai-zunousen/read/v20/c194",
    "title": "День Святого Валентина в Шучиине, часть 1",
    "volumeId": 20,
  },
  {
    "id": 195,
    "link": "https://mangalib.me/ru/6435--kaguya-sama-wa-kokurasetai-tensai-tachi-no-renai-zunousen/read/v20/c195",
    "title": "День Святого Валентина в Шучиине, часть 2",
    "volumeId": 20,
  },
  {
    "id": 196,
    "link": "https://mangalib.me/ru/6435--kaguya-sama-wa-kokurasetai-tensai-tachi-no-renai-zunousen/read/v20/c196",
    "title": "Ай Хаясака хочет найти",
    "volumeId": 20,
  },
  {
    "id": 197,
    "link": "https://mangalib.me/ru/6435--kaguya-sama-wa-kokurasetai-tensai-tachi-no-renai-zunousen/read/v20/c197",
    "title": "Семья Широгане хочет переехать",
    "volumeId": 20,
  },
  {
    "id": 198,
    "link": "https://mangalib.me/ru/6435--kaguya-sama-wa-kokurasetai-tensai-tachi-no-renai-zunousen/read/v20/c198",
    "title": "Невозможное испытание Кагуи Шиномии: «Раковинка ласточки», часть 6",
    "volumeId": 20,
  },
  {
    "id": 199,
    "link": "https://mangalib.me/ru/6435--kaguya-sama-wa-kokurasetai-tensai-tachi-no-renai-zunousen/read/v20/c199",
    "title": "Госпожа Кагуя хочет быть услышанной",
    "volumeId": 20,
  },
  {
    "id": 200,
    "link": "https://mangalib.me/ru/6435--kaguya-sama-wa-kokurasetai-tensai-tachi-no-renai-zunousen/read/v20/c200",
    "title": "Чика Фудживара хочет устроить праздник",
    "volumeId": 20,
  },
  {
    "id": 201,
    "link": "https://mangalib.me/ru/6435--kaguya-sama-wa-kokurasetai-tensai-tachi-no-renai-zunousen/read/v20/c201",
    "title": "Цубамэ Коясу хочет переписать",
    "volumeId": 20,
  },
  {
    "id": 202,
    "link": "https://mangalib.me/ru/6435--kaguya-sama-wa-kokurasetai-tensai-tachi-no-renai-zunousen/read/v21/c202",
    "title": "Академия Шучиин хочет проводить их",
    "volumeId": 21,
  },
  {
    "id": 203,
    "link": "https://mangalib.me/ru/6435--kaguya-sama-wa-kokurasetai-tensai-tachi-no-renai-zunousen/read/v21/c203",
    "title": "Цубамэ Коясу и Ю Ишигами: Часть 1",
    "volumeId": 21,
  },
  {
    "id": 204,
    "link": "https://mangalib.me/ru/6435--kaguya-sama-wa-kokurasetai-tensai-tachi-no-renai-zunousen/read/v21/c204",
    "title": "Цубамэ Коясу и Ю Ишигами: Часть 2",
    "volumeId": 21,
  },
  {
    "id": 205,
    "link": "https://mangalib.me/ru/6435--kaguya-sama-wa-kokurasetai-tensai-tachi-no-renai-zunousen/read/v21/c205",
    "title": "Чика Фудживара хочет заставить его засмеяться",
    "volumeId": 21,
  },
  {
    "id": 206,
    "link": "https://mangalib.me/ru/6435--kaguya-sama-wa-kokurasetai-tensai-tachi-no-renai-zunousen/read/v21/c206",
    "title": "Миюки Широгане не депрессивный",
    "volumeId": 21,
  },
  {
    "id": 207,
    "link": "https://mangalib.me/ru/6435--kaguya-sama-wa-kokurasetai-tensai-tachi-no-renai-zunousen/read/v21/c207",
    "title": "Кей Широгане хочет быть приветливой",
    "volumeId": 21,
  },
  {
    "id": 208,
    "link": "https://mangalib.me/ru/6435--kaguya-sama-wa-kokurasetai-tensai-tachi-no-renai-zunousen/read/v21/c208",
    "title": "Семья Широгане",
    "volumeId": 21,
  },
  {
    "id": 209,
    "link": "https://mangalib.me/ru/6435--kaguya-sama-wa-kokurasetai-tensai-tachi-no-renai-zunousen/read/v21/c209",
    "title": "Мечты",
    "volumeId": 21,
  },
  {
    "id": 210,
    "link": "https://mangalib.me/ru/6435--kaguya-sama-wa-kokurasetai-tensai-tachi-no-renai-zunousen/read/v21/c210",
    "title": "Чика Фудживара очень, очень, очень хочет есть",
    "volumeId": 21,
  },
  {
    "id": 211,
    "link": "https://mangalib.me/ru/6435--kaguya-sama-wa-kokurasetai-tensai-tachi-no-renai-zunousen/read/v21/c211",
    "title": "Госпожа Кагуя хочет сидеть",
    "volumeId": 21,
  },
  {
    "id": 211.1,
    "link": "https://mangalib.me/ru/6435--kaguya-sama-wa-kokurasetai-tensai-tachi-no-renai-zunousen/read/v21/c211.1",
    "title": "Экстра к тому 21",
    "volumeId": 21,
  },
  {
    "id": 212,
    "link": "https://mangalib.me/ru/6435--kaguya-sama-wa-kokurasetai-tensai-tachi-no-renai-zunousen/read/v22/c212",
    "title": "Микадо Cидзё хочет вписаться в коллектив",
    "volumeId": 22,
  },
  {
    "id": 213,
    "link": "https://mangalib.me/ru/6435--kaguya-sama-wa-kokurasetai-tensai-tachi-no-renai-zunousen/read/v22/c213",
    "title": "Сэмпай-кун и кохай-чан, часть 4",
    "volumeId": 22,
  },
  {
    "id": 214,
    "link": "https://mangalib.me/ru/6435--kaguya-sama-wa-kokurasetai-tensai-tachi-no-renai-zunousen/read/v22/c214",
    "title": "Госпожа Кагуя ненавидит кошек",
    "volumeId": 22,
  },
  {
    "id": 215,
    "link": "https://mangalib.me/ru/6435--kaguya-sama-wa-kokurasetai-tensai-tachi-no-renai-zunousen/read/v22/c215",
    "title": "Алфавит мужчин и женщин, часть 2",
    "volumeId": 22,
  },
  {
    "id": 216,
    "link": "https://mangalib.me/ru/6435--kaguya-sama-wa-kokurasetai-tensai-tachi-no-renai-zunousen/read/v22/c216",
    "title": "Кагуя и девочки хотят поговорить",
    "volumeId": 22,
  },
  {
    "id": 217,
    "link": "https://mangalib.me/ru/6435--kaguya-sama-wa-kokurasetai-tensai-tachi-no-renai-zunousen/read/v22/c217",
    "title": "Алфавит мужчин и женщин, часть 3",
    "volumeId": 22,
  },
  {
    "id": 218,
    "link": "https://mangalib.me/ru/6435--kaguya-sama-wa-kokurasetai-tensai-tachi-no-renai-zunousen/read/v22/c218",
    "title": "Алфавит мужчин и женщин, часть 4",
    "volumeId": 22,
  },
  {
    "id": 219,
    "link": "https://mangalib.me/ru/6435--kaguya-sama-wa-kokurasetai-tensai-tachi-no-renai-zunousen/read/v22/c219",
    "title": "Алфавит мужчин и женщин, часть 5",
    "volumeId": 22,
  },
  {
    "id": 220,
    "link": "https://mangalib.me/ru/6435--kaguya-sama-wa-kokurasetai-tensai-tachi-no-renai-zunousen/read/v22/c220",
    "title": "Алфавит мужчин и женщин, часть 6",
    "volumeId": 22,
  },
  {
    "id": 221,
    "link": "https://mangalib.me/ru/6435--kaguya-sama-wa-kokurasetai-tensai-tachi-no-renai-zunousen/read/v22/c221",
    "title": "Госпожа Кагуя хочет поговорить",
    "volumeId": 22,
  },
  {
    "id": 221.1,
    "link": "https://mangalib.me/ru/6435--kaguya-sama-wa-kokurasetai-tensai-tachi-no-renai-zunousen/read/v22/c221.1",
    "title": "Экстра к тому 22",
    "volumeId": 22,
  },
  {
    "id": 222,
    "link": "https://mangalib.me/ru/6435--kaguya-sama-wa-kokurasetai-tensai-tachi-no-renai-zunousen/read/v23/c222",
    "title": "Невозможное испытание Кагуи Шиномии: Жемчужная ветвь с горы Хорай",
    "volumeId": 23,
  },
  {
    "id": 223,
    "link": "https://mangalib.me/ru/6435--kaguya-sama-wa-kokurasetai-tensai-tachi-no-renai-zunousen/read/v23/c223",
    "title": "Чика Фудживара отказывается признавать",
    "volumeId": 23,
  },
  {
    "id": 224,
    "link": "https://mangalib.me/ru/6435--kaguya-sama-wa-kokurasetai-tensai-tachi-no-renai-zunousen/read/v23/c224",
    "title": "Чика Фудживара хочет учить",
    "volumeId": 23,
  },
  {
    "id": 225,
    "link": "https://mangalib.me/ru/6435--kaguya-sama-wa-kokurasetai-tensai-tachi-no-renai-zunousen/read/v23/c225",
    "title": "Хикару Ообаяши хочет защитить",
    "volumeId": 23,
  },
  {
    "id": 226,
    "link": "https://mangalib.me/ru/6435--kaguya-sama-wa-kokurasetai-tensai-tachi-no-renai-zunousen/read/v23/c226",
    "title": "Невозможное испытание Кагуи Шиномии: Каменная чаша Будды, часть 2",
    "volumeId": 23,
  },
  {
    "id": 227,
    "link": "https://mangalib.me/ru/6435--kaguya-sama-wa-kokurasetai-tensai-tachi-no-renai-zunousen/read/v23/c227",
    "title": "Мико Иино хочет утешить",
    "volumeId": 23,
  },
  {
    "id": 228,
    "link": "https://mangalib.me/ru/6435--kaguya-sama-wa-kokurasetai-tensai-tachi-no-renai-zunousen/read/v23/c228",
    "title": "Невозможное испытание Кагуи Шиномии: Каменная чаша Будды, часть 3",
    "volumeId": 23,
  },
  {
    "id": 229,
    "link": "https://mangalib.me/ru/6435--kaguya-sama-wa-kokurasetai-tensai-tachi-no-renai-zunousen/read/v23/c229",
    "title": "Невозможное испытание Кагуи Шиномии: Каменная чаша Будды, часть 4",
    "volumeId": 23,
  },
  {
    "id": 230,
    "link": "https://mangalib.me/ru/6435--kaguya-sama-wa-kokurasetai-tensai-tachi-no-renai-zunousen/read/v23/c230",
    "title": "Невозможное испытание Кагуи Шиномии: Каменная чаша Будды, часть 5",
    "volumeId": 23,
  },
  {
    "id": 231,
    "link": "https://mangalib.me/ru/6435--kaguya-sama-wa-kokurasetai-tensai-tachi-no-renai-zunousen/read/v23/c231",
    "title": "Невозможное испытание Кагуи Шиномии: Каменная чаша Будды, часть 6",
    "volumeId": 23,
  },
  {
    "id": 231.1,
    "link": "https://mangalib.me/ru/6435--kaguya-sama-wa-kokurasetai-tensai-tachi-no-renai-zunousen/read/v23/c231.1",
    "title": "Экстра к тому 23",
    "volumeId": 23,
  },
  {
    "id": 232,
    "link": "https://mangalib.me/ru/6435--kaguya-sama-wa-kokurasetai-tensai-tachi-no-renai-zunousen/read/v24/c232",
    "title": "Невозможное испытание Кагуи Шиномии: Каменная чаша Будды, часть 7",
    "volumeId": 24,
  },
  {
    "id": 233,
    "link": "https://mangalib.me/ru/6435--kaguya-sama-wa-kokurasetai-tensai-tachi-no-renai-zunousen/read/v24/c233",
    "title": "Невозможное испытание Кагуи Шиномии: Каменная чаша Будды, часть 8",
    "volumeId": 24,
  },
  {
    "id": 234,
    "link": "https://mangalib.me/ru/6435--kaguya-sama-wa-kokurasetai-tensai-tachi-no-renai-zunousen/read/v24/c234",
    "title": "Невозможное испытание Кагуи Шиномии: Каменная чаша Будды, часть 9",
    "volumeId": 24,
  },
  {
    "id": 235,
    "link": "https://mangalib.me/ru/6435--kaguya-sama-wa-kokurasetai-tensai-tachi-no-renai-zunousen/read/v24/c235",
    "title": "Чика Фудживара хочет встречаться",
    "volumeId": 24,
  },
  {
    "id": 236,
    "link": "https://mangalib.me/ru/6435--kaguya-sama-wa-kokurasetai-tensai-tachi-no-renai-zunousen/read/v24/c236",
    "title": "Госпожа Кагуя хочет остаться на ночь",
    "volumeId": 24,
  },
  {
    "id": 237,
    "link": "https://mangalib.me/ru/6435--kaguya-sama-wa-kokurasetai-tensai-tachi-no-renai-zunousen/read/v24/c237",
    "title": "Миюки Широгане не хочет вставлять её внутрь",
    "volumeId": 24,
  },
  {
    "id": 238,
    "link": "https://mangalib.me/ru/6435--kaguya-sama-wa-kokurasetai-tensai-tachi-no-renai-zunousen/read/v24/c238",
    "title": "Ю Ишигами хочет пригласить",
    "volumeId": 24,
  },
  {
    "id": 239,
    "link": "https://mangalib.me/ru/6435--kaguya-sama-wa-kokurasetai-tensai-tachi-no-renai-zunousen/read/v24/c239",
    "title": "Адольф Пескароло хочет защитить",
    "volumeId": 24,
  },
  {
    "id": 240,
    "link": "https://mangalib.me/ru/6435--kaguya-sama-wa-kokurasetai-tensai-tachi-no-renai-zunousen/read/v24/c240",
    "title": "Госпожа Кагуя хочет танцевать",
    "volumeId": 24,
  },
  {
    "id": 240.1,
    "link": "https://mangalib.me/ru/6435--kaguya-sama-wa-kokurasetai-tensai-tachi-no-renai-zunousen/read/v24/c240.1",
    "title": "Экстра к 24 тому",
    "volumeId": 24,
  },
  {
    "id": 241,
    "link": "https://mangalib.me/ru/6435--kaguya-sama-wa-kokurasetai-tensai-tachi-no-renai-zunousen/read/v24/c241",
    "title": "Унъё Шиномия не может говорить",
    "volumeId": 24,
  },
  {
    "id": 242,
    "link": "https://mangalib.me/ru/6435--kaguya-sama-wa-kokurasetai-tensai-tachi-no-renai-zunousen/read/v25/c242",
    "title": "Семья Шиномия",
    "volumeId": 25,
  },
  {
    "id": 243,
    "link": "https://mangalib.me/ru/6435--kaguya-sama-wa-kokurasetai-tensai-tachi-no-renai-zunousen/read/v25/c243",
    "title": "Ай Хаясака хочет нарядиться",
    "volumeId": 25,
  },
  {
    "id": 244,
    "link": "https://mangalib.me/ru/6435--kaguya-sama-wa-kokurasetai-tensai-tachi-no-renai-zunousen/read/v25/c244",
    "title": "Ю Ишигами потупил взгляд",
    "volumeId": 25,
  },
  {
    "id": 245,
    "link": "https://mangalib.me/ru/6435--kaguya-sama-wa-kokurasetai-tensai-tachi-no-renai-zunousen/read/v25/c245",
    "title": "И поэтому Ю Ишигами закрыл глаза, часть четвертая",
    "volumeId": 25,
  },
  {
    "id": 246,
    "link": "https://mangalib.me/ru/6435--kaguya-sama-wa-kokurasetai-tensai-tachi-no-renai-zunousen/read/v25/c246",
    "title": "И поэтому Ю Ишигами закрыл глаза, часть пятая",
    "volumeId": 25,
  },
  {
    "id": 247,
    "link": "https://mangalib.me/ru/6435--kaguya-sama-wa-kokurasetai-tensai-tachi-no-renai-zunousen/read/v25/c247",
    "title": "Ю Ишигами не может поднять эту тему",
    "volumeId": 25,
  },
  {
    "id": 248,
    "link": "https://mangalib.me/ru/6435--kaguya-sama-wa-kokurasetai-tensai-tachi-no-renai-zunousen/read/v25/c248",
    "title": "Госпожа Кагуя хочет расстаться",
    "volumeId": 25,
  },
  {
    "id": 249,
    "link": "https://mangalib.me/ru/6435--kaguya-sama-wa-kokurasetai-tensai-tachi-no-renai-zunousen/read/v25/c249",
    "title": "Госпожа Кагуя хочет расстаться, часть вторая",
    "volumeId": 25,
  },
  {
    "id": 250,
    "link": "https://mangalib.me/ru/6435--kaguya-sama-wa-kokurasetai-tensai-tachi-no-renai-zunousen/read/v25/c250",
    "title": "Миюки Широгане хочет положиться",
    "volumeId": 25,
  },
  {
    "id": 251.1,
    "link": "https://mangalib.me/ru/6435--kaguya-sama-wa-kokurasetai-tensai-tachi-no-renai-zunousen/read/v25/c251.1",
    "title": "Экстра к 25 тому",
    "volumeId": 25,
  },
  {
    "id": 251,
    "link": "https://mangalib.me/ru/6435--kaguya-sama-wa-kokurasetai-tensai-tachi-no-renai-zunousen/read/v26/c251",
    "title": "Микадо Сидзё хочет защитить",
    "volumeId": 26,
  },
  {
    "id": 252,
    "link": "https://mangalib.me/ru/6435--kaguya-sama-wa-kokurasetai-tensai-tachi-no-renai-zunousen/read/v26/c252",
    "title": "Шодзо Танума хочет поговорить",
    "volumeId": 26,
  },
  {
    "id": 253,
    "link": "https://mangalib.me/ru/6435--kaguya-sama-wa-kokurasetai-tensai-tachi-no-renai-zunousen/read/v26/c253",
    "title": "Миюки Широгане хочет попросить",
    "volumeId": 26,
  },
  {
    "id": 254,
    "link": "https://mangalib.me/ru/6435--kaguya-sama-wa-kokurasetai-tensai-tachi-no-renai-zunousen/read/v26/c254",
    "title": "Мико Иино не сливает воду из своей лапши",
    "volumeId": 26,
  },
  {
    "id": 255,
    "link": "https://mangalib.me/ru/6435--kaguya-sama-wa-kokurasetai-tensai-tachi-no-renai-zunousen/read/v26/c255",
    "title": "Семья Хаясака не одобряет",
    "volumeId": 26,
  },
  {
    "id": 256,
    "link": "https://mangalib.me/ru/6435--kaguya-sama-wa-kokurasetai-tensai-tachi-no-renai-zunousen/read/v26/c256",
    "title": "Микадо Сидзё хочет защитить",
    "volumeId": 26,
  },
  {
    "id": 257,
    "link": "https://mangalib.me/ru/6435--kaguya-sama-wa-kokurasetai-tensai-tachi-no-renai-zunousen/read/v26/c257",
    "title": "Мико Иино не поступает правильно",
    "volumeId": 26,
  },
  {
    "id": 258,
    "link": "https://mangalib.me/ru/6435--kaguya-sama-wa-kokurasetai-tensai-tachi-no-renai-zunousen/read/v26/c258",
    "title": "Госпожа Кагуя хочет сбежать",
    "volumeId": 26,
  },
  {
    "id": 259,
    "link": "https://mangalib.me/ru/6435--kaguya-sama-wa-kokurasetai-tensai-tachi-no-renai-zunousen/read/v26/c259",
    "title": "Госпожа Кагуя хочет исполнить",
    "volumeId": 26,
  },
  {
    "id": 260,
    "link": "https://mangalib.me/ru/6435--kaguya-sama-wa-kokurasetai-tensai-tachi-no-renai-zunousen/read/v26/c260",
    "title": "Госпожа Кагуя не одинока",
    "volumeId": 26,
  },
  {
    "id": 261,
    "link": "https://mangalib.me/ru/6435--kaguya-sama-wa-kokurasetai-tensai-tachi-no-renai-zunousen/read/v26/c261",
    "title": "Госпожа Кагуя хочет, чтобы ей признались",
    "volumeId": 26,
  },
  {
    "id": 261.1,
    "link": "https://mangalib.me/ru/6435--kaguya-sama-wa-kokurasetai-tensai-tachi-no-renai-zunousen/read/v26/c261.1",
    "title": "Экстра-глава к 26 тому",
    "volumeId": 26,
  },
  {
    "id": 262,
    "link": "https://mangalib.me/ru/6435--kaguya-sama-wa-kokurasetai-tensai-tachi-no-renai-zunousen/read/v27/c262",
    "title": "Госпожа Кагуя хочет вернуться",
    "volumeId": 27,
  },
  {
    "id": 263,
    "link": "https://mangalib.me/ru/6435--kaguya-sama-wa-kokurasetai-tensai-tachi-no-renai-zunousen/read/v27/c263",
    "title": "Госпожа Кагуя хочет провоцировать",
    "volumeId": 27,
  },
  {
    "id": 264,
    "link": "https://mangalib.me/ru/6435--kaguya-sama-wa-kokurasetai-tensai-tachi-no-renai-zunousen/read/v27/c264",
    "title": "Госпожа Кагуя хочет, чтобы к ней обращались",
    "volumeId": 27,
  },
  {
    "id": 265,
    "link": "https://mangalib.me/ru/6435--kaguya-sama-wa-kokurasetai-tensai-tachi-no-renai-zunousen/read/v27/c265",
    "title": "Друзья Широгане хотят поговорить",
    "volumeId": 27,
  },
  {
    "id": 266,
    "link": "https://mangalib.me/ru/6435--kaguya-sama-wa-kokurasetai-tensai-tachi-no-renai-zunousen/read/v27/c266",
    "title": "Госпожа Кагуя хочет проводить его, часть первая",
    "volumeId": 27,
  },
  {
    "id": 267,
    "link": "https://mangalib.me/ru/6435--kaguya-sama-wa-kokurasetai-tensai-tachi-no-renai-zunousen/read/v27/c267",
    "title": "Госпожа Кагуя хочет проводить его, часть вторая",
    "volumeId": 27,
  },
  {
    "id": 268,
    "link": "https://mangalib.me/ru/6435--kaguya-sama-wa-kokurasetai-tensai-tachi-no-renai-zunousen/read/v27/c268",
    "title": "Повседневность, часть первая",
    "volumeId": 27,
  },
  {
    "id": 269,
    "link": "https://mangalib.me/ru/6435--kaguya-sama-wa-kokurasetai-tensai-tachi-no-renai-zunousen/read/v27/c269",
    "title": "Повседневность, часть вторая",
    "volumeId": 27,
  },
  {
    "id": 270,
    "link": "https://mangalib.me/ru/6435--kaguya-sama-wa-kokurasetai-tensai-tachi-no-renai-zunousen/read/v27/c270",
    "title": "Повседневность, часть третья",
    "volumeId": 27,
  },
  {
    "id": 271,
    "link": "https://mangalib.me/ru/6435--kaguya-sama-wa-kokurasetai-tensai-tachi-no-renai-zunousen/read/v27/c271",
    "title": "Чика Фудживара очень, очень, очень, очень хочет есть",
    "volumeId": 27,
  },
  {
    "id": 271.1,
    "link": "https://mangalib.me/ru/6435--kaguya-sama-wa-kokurasetai-tensai-tachi-no-renai-zunousen/read/v27/c271.1",
    "title": "Экстра-глава к 27 тому",
    "volumeId": 27,
  },
  {
    "id": 272,
    "link": "https://mangalib.me/ru/6435--kaguya-sama-wa-kokurasetai-tensai-tachi-no-renai-zunousen/read/v28/c272",
    "title": "Финальная глава Широгане Кей",
    "volumeId": 28,
  },
  {
    "id": 273,
    "link": "https://mangalib.me/ru/6435--kaguya-sama-wa-kokurasetai-tensai-tachi-no-renai-zunousen/read/v28/c273",
    "title": "Финальная арка Маки Сидзё, Нагисы Кашиваги и Цубасы Танумы, часть первая",
    "volumeId": 28,
  },
  {
    "id": 274,
    "link": "https://mangalib.me/ru/6435--kaguya-sama-wa-kokurasetai-tensai-tachi-no-renai-zunousen/read/v28/c274",
    "title": "Финальная арка Маки Сидзё, Нагисы Кашиваги и Цубасы Танумы, часть вторая",
    "volumeId": 28,
  },
  {
    "id": 275,
    "link": "https://mangalib.me/ru/6435--kaguya-sama-wa-kokurasetai-tensai-tachi-no-renai-zunousen/read/v28/c275",
    "title": "Финальная глава Кобачи Осараги",
    "volumeId": 28,
  },
  {
    "id": 276,
    "link": "https://mangalib.me/ru/6435--kaguya-sama-wa-kokurasetai-tensai-tachi-no-renai-zunousen/read/v28/c276",
    "title": "Финальная глава Хаясаки Ай",
    "volumeId": 28,
  },
  {
    "id": 277,
    "link": "https://mangalib.me/ru/6435--kaguya-sama-wa-kokurasetai-tensai-tachi-no-renai-zunousen/read/v28/c277",
    "title": "Финальная арка Мико Иино и Ю Ишигами, часть первая",
    "volumeId": 28,
  },
  {
    "id": 278,
    "link": "https://mangalib.me/ru/6435--kaguya-sama-wa-kokurasetai-tensai-tachi-no-renai-zunousen/read/v28/c278",
    "title": "Финальная арка Мико Иино и Ю Ишигами, часть вторая",
    "volumeId": 28,
  },
  {
    "id": 279,
    "link": "https://mangalib.me/ru/6435--kaguya-sama-wa-kokurasetai-tensai-tachi-no-renai-zunousen/read/v28/c279",
    "title": "Финальная глава Чики Фудживары",
    "volumeId": 28,
  },
  {
    "id": 280,
    "link": "https://mangalib.me/ru/6435--kaguya-sama-wa-kokurasetai-tensai-tachi-no-renai-zunousen/read/v28/c280",
    "title": "Гении",
    "volumeId": 28,
  },
  {
    "id": 281,
    "link": "https://mangalib.me/ru/6435--kaguya-sama-wa-kokurasetai-tensai-tachi-no-renai-zunousen/read/v28/c281",
    "title": "Прощай, Шучиин!",
    "volumeId": 28,
  },
  {
    "id": 281.1,
    "link": "https://mangalib.me/ru/6435--kaguya-sama-wa-kokurasetai-tensai-tachi-no-renai-zunousen/read/v28/c281.1",
    "title": "Экстра-глава к 28 тому: новые биографии персонажей",
    "volumeId": 28,
  },
  {
    "id": 281.2,
    "link": "https://mangalib.me/ru/6435--kaguya-sama-wa-kokurasetai-tensai-tachi-no-renai-zunousen/read/v28/c281.2",
    "title": "Ю Ишигами хочет подарить",
    "volumeId": 28,
  },
]
`;
